device: cuda
train: 216  test: 55

=== strategy: heads  (warmup_lr=0.0001, lr=0.0001)  ===

-- warm-up: 10 epochs, all params trainable --
warmup epoch 1/10
  batch 0/27  loss=3.0803
  batch 20/27  loss=2.5571
  loss=2.6329  P=0.000  R=0.000  F1=0.000
warmup epoch 2/10
  batch 0/27  loss=2.3515
  batch 20/27  loss=2.0264
  loss=2.0600  P=0.000  R=0.000  F1=0.000
warmup epoch 3/10
  batch 0/27  loss=2.0584
  batch 20/27  loss=1.3356
  loss=1.7750  P=0.000  R=0.000  F1=0.000
warmup epoch 4/10
  batch 0/27  loss=1.5865
  batch 20/27  loss=1.8091
  loss=1.7202  P=0.000  R=0.000  F1=0.000
warmup epoch 5/10
  batch 0/27  loss=1.6461
  batch 20/27  loss=1.5072
  loss=1.7460  P=0.000  R=0.000  F1=0.000
warmup epoch 6/10
  batch 0/27  loss=1.6157
  batch 20/27  loss=1.8338
  loss=1.7333  P=0.110  R=0.088  F1=0.098
warmup epoch 7/10
  batch 0/27  loss=1.2337
  batch 20/27  loss=1.6349
  loss=1.6044  P=0.018  R=0.010  F1=0.013
warmup epoch 8/10
  batch 0/27  loss=1.4885
  batch 20/27  loss=1.3430
  loss=1.5428  P=0.037  R=0.059  F1=0.046
warmup epoch 9/10
  batch 0/27  loss=1.3034
  batch 20/27  loss=1.5210
  loss=1.5050  P=0.058  R=0.069  F1=0.063
warmup epoch 10/10
  batch 0/27  loss=1.3453
  batch 20/27  loss=1.7520
  loss=1.6186  P=0.038  R=0.147  F1=0.060

-- ablation: 15 epochs, unfreezing only heads --
trainable: 134,411 / 41,502,923  (0.32%)
epoch 1/15
  batch 0/27  loss=2.2850
  batch 20/27  loss=1.5661
  loss=1.7937  P=0.049  R=0.039  F1=0.044
epoch 2/15
  batch 0/27  loss=2.3865
  batch 20/27  loss=1.7963
  loss=1.7423  P=0.000  R=0.000  F1=0.000
epoch 3/15
  batch 0/27  loss=1.7600
  batch 20/27  loss=1.4947
  loss=1.6843  P=0.067  R=0.078  F1=0.072
epoch 4/15
  batch 0/27  loss=1.0082
  batch 20/27  loss=1.3522
  loss=1.6335  P=0.053  R=0.078  F1=0.063
epoch 5/15
  batch 0/27  loss=1.6744
  batch 20/27  loss=2.1482
  loss=1.6370  P=0.045  R=0.078  F1=0.057
epoch 6/15
  batch 0/27  loss=1.4220
  batch 20/27  loss=1.2962
  loss=1.6233  P=0.059  R=0.137  F1=0.083
epoch 7/15
  batch 0/27  loss=1.9479
  batch 20/27  loss=1.4881
  loss=1.6434  P=0.060  R=0.137  F1=0.083
epoch 8/15
  batch 0/27  loss=1.8709
  batch 20/27  loss=1.3312
  loss=1.6071  P=0.050  R=0.118  F1=0.070
epoch 9/15
  batch 0/27  loss=1.3937
  batch 20/27  loss=1.5808
  loss=1.6433  P=0.082  R=0.225  F1=0.120
epoch 10/15
  batch 0/27  loss=1.4364
  batch 20/27  loss=1.4426
  loss=1.5994  P=0.071  R=0.216  F1=0.107
epoch 11/15
  batch 0/27  loss=1.2243
  batch 20/27  loss=1.5313
  loss=1.5765  P=0.062  R=0.206  F1=0.096
epoch 12/15
  batch 0/27  loss=1.9201
  batch 20/27  loss=1.2970
  loss=1.5940  P=0.078  R=0.255  F1=0.119
epoch 13/15
  batch 0/27  loss=1.6103
  batch 20/27  loss=2.1354
  loss=1.6105  P=0.076  R=0.255  F1=0.117
epoch 14/15
  batch 0/27  loss=1.3706
  batch 20/27  loss=1.9496
  loss=1.6458  P=0.068  R=0.255  F1=0.107
epoch 15/15
  batch 0/27  loss=1.2383
  batch 20/27  loss=1.1258
  loss=1.6136  P=0.063  R=0.225  F1=0.098

final metrics:
  strategy           P       R      F1
  heads          0.063   0.225   0.098
